var data float64 // Unmarshal into this type.

type S001 struct {
}
