var data []interface{} // Unmarshal into this type.
