var data string // Unmarshal into this type.

type S001 struct {
}
