var data *S001 // Unmarshal into this type.

type S001 struct {
	Baz []int64 `json:"baz,omitempty"`
	Foo string  `json:"foo,omitempty"`
}
